// Jest Snapshot v1, https://goo.gl/fbAQLP

exports[`Tests for Home Page Match snapshot of Home page 1`] = `undefined`;
