// Jest Snapshot v1, https://goo.gl/fbAQLP

exports[`Tests for Login Page Match snapshot of LoginPage 1`] = `undefined`;
